Microchip MPLAB XC8 Compiler V2.31

Linker command line:

-W-3 --edf=C:\Program Files\Microchip\xc8\v2.31\pic\dat\en_msgs.txt -cn \
  -h+dist/default/production\Lab10.X.production.sym \
  --cmf=dist/default/production\Lab10.X.production.cmf -z -Q16F887 \
  -oC:\Users\ANDYBO~1\AppData\Local\Temp\sgfg.2 --defsym=__MPLAB_BUILD=1 \
  -Mdist/default/production/Lab10.X.production.map -E1 -ver=XC8 Compiler \
  --acfsm=1493 -ASTACK=0110h-016Fh -pstack=STACK -ACODE=00h-07FFhx4 \
  -ASTRCODE=00h-01FFFh -ASTRING=00h-0FFhx32 -ACONST=00h-0FFhx32 \
  -AENTRY=00h-0FFhx32 -ACOMMON=070h-07Fh -ABANK0=020h-06Fh \
  -ABANK1=0A0h-0EFh -ABANK2=0110h-016Fh -ABANK3=0190h-01EFh \
  -ARAM=020h-06Fh,0A0h-0EFh,0110h-016Fh,0190h-01EFh \
  -AABS1=020h-07Fh,0A0h-0EFh,0110h-016Fh,0190h-01EFh -ASFR0=00h-01Fh \
  -ASFR1=080h-09Fh -ASFR2=0100h-010Fh -ASFR3=0180h-018Fh \
  -ACONFIG=02007h-02008h -DCONFIG=2 -AIDLOC=02000h-02003h -DIDLOC=2 \
  -AEEDATA=00h-0FFh/02100h -peeprom_data=EEDATA -DEEDATA=2 -DCODE=2 \
  -DSTRCODE=2 -DSTRING=2 -DCONST=2 -DENTRY=2 \
  -preset_vec=00h,intentry=04h,init,end_init -ppowerup=CODE -pcinit=CODE \
  -pfunctab=ENTRY -k C:\Users\ANDYBO~1\AppData\Local\Temp\sgfg.o \
  dist/default/production\Lab10.X.production.o 

Object code version is 3.11

Machine type is 16F887



                Name                               Link     Load   Length Selector   Space Scale
C:\Users\ANDYBO~1\AppData\Local\Temp\sgfg.o
                end_init                              C        C        3        8       0
                reset_vec                             0        0        3        0       0
                config                             2007     2007        2        0       4
dist/default/production\Lab10.X.production.o
                cinit                                 F        F       13        8       0
                functab                              22       22        6       44       0
                intentry                              4        4        8        8       0
                config                             2007     2007        2        0       4
                text4                               1E1      1E1        7      1D6       0
                text3                               1D5      1D5        C      1D6       0
                text2                               185      185       1F      1D6       0
                text1                               15A      15A       2B      1D6       0
                maintext                             EB       EB       6F      1D6       0
                cstackCOMMON                         70       70        7       70       1
                inittext                            1C2      1C2       13      1D6       0
                dataBANK0                            20       20       1E       20       1
                bssCOMMON                            77       77        1       70       1
                strings                              28       28       C3       50       0
                idataBANK0                          1A4      1A4       1E      1D6       0

TOTAL           Name                               Link     Load   Length     Space
        CLASS   STACK          

        CLASS   CODE           
                end_init                              C        C        3         0
                cinit                                 F        F       13         0
                intentry                              4        4        8         0
                reset_vec                             0        0        3         0
                text4                               1E1      1E1        7         0
                text3                               1D5      1D5        C         0
                text2                               185      185       1F         0
                text1                               15A      15A       2B         0
                maintext                             EB       EB       6F         0
                inittext                            1C2      1C2       13         0
                idataBANK0                          1A4      1A4       1E         0

        CLASS   STRCODE        

        CLASS   STRING         
                strings                              28       28       C3         0

        CLASS   CONST          

        CLASS   ENTRY          
                functab                              22       22        6         0

        CLASS   COMMON         
                cstackCOMMON                         70       70        7         1
                bssCOMMON                            77       77        1         1

        CLASS   BANK0          
                dataBANK0                            20       20       1E         1

        CLASS   BANK1          

        CLASS   BANK2          

        CLASS   BANK3          

        CLASS   RAM            

        CLASS   ABS1           
                abs_s1                               7E       7E        2         1

        CLASS   SFR0           

        CLASS   SFR1           

        CLASS   SFR2           

        CLASS   SFR3           

        CLASS   CONFIG         
                config                             2007     2007        2         4

        CLASS   IDLOC          

        CLASS   EEDATA         



SEGMENTS        Name                           Load    Length   Top    Selector   Space  Class     Delta

                reset_vec                      000000  000003  000003         0       0  CODE        2
                intentry                       000004  00001E  000022         8       0  CODE        2
                dataBANK0                      000020  00001E  00003E        20       1  BANK0       1
                functab                        000022  000006  000028        44       0  ENTRY       2
                strings                        000028  0000C3  0000EB        50       0  STRING      2
                cstackCOMMON                   000070  000008  000078        70       1  COMMON      1
                maintext                       0000EB  0000FD  0001E8       1D6       0  CODE        2


UNUSED ADDRESS RANGES

        Name                Unused          Largest block    Delta
        BANK0            003E-006F             32           1
        BANK1            00A0-00EF             50           1
        BANK2            0110-016F             60           1
        BANK3            0190-01EF             60           1
        CODE             0003-0003              1           2
                         01E8-1FFF            800
        COMMON           0078-007D              6           1
        CONST            0003-0003              1           2
                         01E8-1FFF            100
        EEDATA           2100-21FF            100           2
        ENTRY            0003-0003              1           2
                         01E8-1FFF            100
        IDLOC            2000-2003              4           2
        RAM              003E-006F             32           1
                         00A0-00EF             50
                         0110-016F             60
                         0190-01EF             60
        SFR0             0000-001F             20           1
        SFR1             0080-009F             20           1
        SFR2             0100-010F             10           1
        SFR3             0180-018F             10           1
        STACK            0110-016F             60           1
        STRCODE          0003-0003              1           2
                         01E8-1FFF           1E18
        STRING           0003-0003              1           2
                         01E8-1FFF            100

                                  Symbol Table

_ANSEL                   (abs)        0188
_ANSELH                  (abs)        0189
_BAUDCTLbits             (abs)        0187
_INTCONbits              (abs)        000B
_OSCCONbits              (abs)        008F
_PIE1bits                (abs)        008C
_PIR1bits                (abs)        000C
_PORTA                   (abs)        0005
_PORTD                   (abs)        0008
_RCREG                   (abs)        001A
_RCSTAbits               (abs)        0018
_SPBRG                   (abs)        0099
_SPBRGH                  (abs)        009A
_TRISA                   (abs)        0085
_TRISD                   (abs)        0088
_TXREG                   (abs)        0019
_TXSTAbits               (abs)        0098
__Habs1                  abs1         0050
__Hbank0                 bank0        0050
__Hbank1                 bank1        0050
__Hbank2                 bank2        0050
__Hbank3                 bank3        0050
__HbssCOMMON             bssCOMMON    0050
__Hcinit                 cinit        0022
__Hclrtext               clrtext      0050
__Hcode                  code         0050
__Hcommon                common       0050
__Hconfig                config       2009
__HcstackCOMMON          cstackCOMMON 0050
__HdataBANK0             dataBANK0    0050
__Heeprom_data           eeprom_data  0000
__Hend_init              end_init     000F
__Hfunctab               functab      0028
__HidataBANK0            idataBANK0   0050
__Hinit                  init         000C
__Hinittext              inittext     0050
__Hintentry              intentry     000C
__Hmaintext              maintext     0050
__Hpowerup               powerup      0000
__Hram                   ram          0050
__Hreset_vec             reset_vec    0003
__Hsfr0                  sfr0         0050
__Hsfr1                  sfr1         0050
__Hsfr2                  sfr2         0050
__Hsfr3                  sfr3         0050
__Hspace_0               (abs)        01E8
__Hspace_1               (abs)        0078
__Hspace_2               (abs)        0000
__Hspace_3               (abs)        0000
__Hspace_4               (abs)        4010
__Hstack                 stack        0000
__Hstrings               strings      0050
__Htext                  text         0050
__Labs1                  abs1         0050
__Lbank0                 bank0        0050
__Lbank1                 bank1        0050
__Lbank2                 bank2        0050
__Lbank3                 bank3        0050
__LbssCOMMON             bssCOMMON    0050
__Lcinit                 cinit        000F
__Lclrtext               clrtext      0050
__Lcode                  code         0050
__Lcommon                common       0050
__Lconfig                config       0000
__LcstackCOMMON          cstackCOMMON 0050
__LdataBANK0             dataBANK0    0050
__Leeprom_data           eeprom_data  0000
__Lend_init              end_init     000C
__Lfunctab               functab      0022
__LidataBANK0            idataBANK0   0050
__Linit                  init         000C
__Linittext              inittext     0050
__Lintentry              intentry     0004
__Lmaintext              maintext     0050
__Lpowerup               powerup      0000
__Lram                   ram          0050
__Lreset_vec             reset_vec    0000
__Lsfr0                  sfr0         0050
__Lsfr1                  sfr1         0050
__Lsfr2                  sfr2         0050
__Lsfr3                  sfr3         0050
__Lspace_0               (abs)        0000
__Lspace_1               (abs)        0000
__Lspace_2               (abs)        0000
__Lspace_3               (abs)        0000
__Lspace_4               (abs)        0000
__Lstack                 stack        0000
__Lstrings               strings      0050
__Ltext                  text         0050
__S0                     (abs)        01E8
__S1                     (abs)        0078
__S2                     (abs)        0000
__S3                     (abs)        0000
___int_sp                stack        0000
___latbits               (abs)        0002
___sp                    stack        0000
___stackhi               (abs)        0000
___stacklo               (abs)        0000
__end_of__fptable        functab      0028
__end_of__initialization cinit        001E
__end_of__stringtab      strings      002E
__end_of_cadena_datos    text2        01A4
__end_of_isr             text4        01E8
__end_of_main            maintext     015A
__end_of_setup           text1        0185
__end_of_transmision     text3        01E1
__fptable                functab      0022
__initialization         cinit        000F
__pbssCOMMON             bssCOMMON    0077
__pcstackCOMMON          cstackCOMMON 0070
__pdataBANK0             dataBANK0    0020
__pfunctab               functab      0022
__pidataBANK0            idataBANK0   01A4
__pintentry              intentry     0004
__pmaintext              maintext     00EB
__pstrings               strings      0028
__ptext1                 text1        015A
__ptext2                 text2        0185
__ptext3                 text3        01D5
__ptext4                 text4        01E1
__size_of__fptable       (abs)        0000
__size_of_cadena_datos   (abs)        0000
__size_of_isr            (abs)        0000
__size_of_main           (abs)        0000
__size_of_setup          (abs)        0000
__size_of_transmision    (abs)        0000
__stringbase             strings      002D
__stringtab              strings      0028
_cadena_datos            text2        0185
_isr                     text4        01E1
_main                    maintext     00EB
_recepcion               (abs)        0000
_setup                   text1        015A
_transmision             text3        01D5
_valores                 bssCOMMON    0077
btemp                    (abs)        007E
cadena_datos@str         cstackCOMMON 0074
end_of_initialization    cinit        001E
fpbase                   functab      0027
fptable                  functab      0022
fptotal                  (abs)        0003
init_fetch0              inittext     01C2
init_ram0                inittext     01C6
interrupt_function       intentry     0004
intlevel0                functab      0022
intlevel1                functab      0022
intlevel2                functab      0022
intlevel3                functab      0022
intlevel4                functab      0022
intlevel5                functab      0022
reset_vec                reset_vec    0000
saved_w                  (abs)        007E
start                    init         000C
start_initialization     cinit        000F
transmision@datos        cstackCOMMON 0072
wtemp0                   (abs)        007E


FUNCTION INFORMATION:

 *************** function _main *****************
 Defined at:
		line 104 in file "Main_lab10.c"
 Parameters:    Size  Location     Type
		None
 Auto vars:     Size  Location     Type
		None
 Return value:  Size  Location     Type
                  1    wreg      void 
 Registers used:
		wreg, fsr0l, fsr0h, status,2, status,0, pclath, cstack
 Tracked objects:
		On entry : 
		On exit  : 
		Unchanged: 
 Data sizes:     COMMON   BANK0   BANK1   BANK3   BANK2
      Params:         0       0       0       0       0
      Locals:         0       0       0       0       0
      Temps:          2       0       0       0       0
      Totals:         2       0       0       0       0
Total ram usage:        2 bytes
 Hardware stack levels required when called:    3
 This function calls:
		_cadena_datos
		_setup
 This function is called by:
		Startup code after reset
 This function uses a non-reentrant model


 *************** function _setup *****************
 Defined at:
		line 166 in file "Main_lab10.c"
 Parameters:    Size  Location     Type
		None
 Auto vars:     Size  Location     Type
		None
 Return value:  Size  Location     Type
                  1    wreg      void 
 Registers used:
		wreg, status,2, status,0
 Tracked objects:
		On entry : 
		On exit  : 
		Unchanged: 
 Data sizes:     COMMON   BANK0   BANK1   BANK3   BANK2
      Params:         0       0       0       0       0
      Locals:         0       0       0       0       0
      Temps:          0       0       0       0       0
      Totals:         0       0       0       0       0
Total ram usage:        0 bytes
 Hardware stack levels used:    1
 Hardware stack levels required when called:    1
 This function calls:
		Nothing
 This function is called by:
		_main
 This function uses a non-reentrant model


 *************** function _cadena_datos *****************
 Defined at:
		line 94 in file "Main_lab10.c"
 Parameters:    Size  Location     Type
  str             1    wreg     PTR unsigned char 
		 -> STR_9(19), STR_8(29), STR_7(19), STR_6(29), 
		 -> STR_5(9), STR_4(29), STR_3(29), STR_2(22), 
		 -> STR_1(23), 
 Auto vars:     Size  Location     Type
  str             1    4[COMMON] PTR unsigned char 
		 -> STR_9(19), STR_8(29), STR_7(19), STR_6(29), 
		 -> STR_5(9), STR_4(29), STR_3(29), STR_2(22), 
		 -> STR_1(23), 
 Return value:  Size  Location     Type
                  1    wreg      void 
 Registers used:
		wreg, fsr0l, fsr0h, status,2, status,0, pclath, cstack
 Tracked objects:
		On entry : 
		On exit  : 
		Unchanged: 
 Data sizes:     COMMON   BANK0   BANK1   BANK3   BANK2
      Params:         0       0       0       0       0
      Locals:         1       0       0       0       0
      Temps:          1       0       0       0       0
      Totals:         2       0       0       0       0
Total ram usage:        2 bytes
 Hardware stack levels used:    1
 Hardware stack levels required when called:    2
 This function calls:
		_transmision
 This function is called by:
		_main
 This function uses a non-reentrant model


 *************** function _transmision *****************
 Defined at:
		line 81 in file "Main_lab10.c"
 Parameters:    Size  Location     Type
  datos           1    wreg     unsigned char 
 Auto vars:     Size  Location     Type
  datos           1    2[COMMON] unsigned char 
 Return value:  Size  Location     Type
                  1    wreg      void 
 Registers used:
		wreg
 Tracked objects:
		On entry : 
		On exit  : 
		Unchanged: 
 Data sizes:     COMMON   BANK0   BANK1   BANK3   BANK2
      Params:         0       0       0       0       0
      Locals:         1       0       0       0       0
      Temps:          0       0       0       0       0
      Totals:         1       0       0       0       0
Total ram usage:        1 bytes
 Hardware stack levels used:    1
 Hardware stack levels required when called:    1
 This function calls:
		Nothing
 This function is called by:
		_cadena_datos
 This function uses a non-reentrant model


 *************** function _isr *****************
 Defined at:
		line 64 in file "Main_lab10.c"
 Parameters:    Size  Location     Type
		None
 Auto vars:     Size  Location     Type
		None
 Return value:  Size  Location     Type
                  1    wreg      void 
 Registers used:
		None
 Tracked objects:
		On entry : 
		On exit  : 
		Unchanged: 
 Data sizes:     COMMON   BANK0   BANK1   BANK3   BANK2
      Params:         0       0       0       0       0
      Locals:         0       0       0       0       0
      Temps:          2       0       0       0       0
      Totals:         2       0       0       0       0
Total ram usage:        2 bytes
 Hardware stack levels used:    1
 This function calls:
		Nothing
 This function is called by:
		Interrupt level 1
 This function uses a non-reentrant model



MODULE INFORMATION

Module		Function		Class		Link	Load	Size
shared
		__stringtab    		STRING         	0028	0000	6
		__initialization		CODE           	000F	0000	15
		__fptable      		ENTRY          	0022	0000	6

shared estimated size: 27

Main_lab10.c
		_main          		CODE           	00EB	0000	111
		_isr           		CODE           	01E1	0000	7
		_setup         		CODE           	015A	0000	43
		_cadena_datos  		CODE           	0185	0000	31
		_transmision   		CODE           	01D5	0000	12

Main_lab10.c estimated size: 204

